[ACME]
url = https://acme.atlassian.net/
username = sara@acme.com
token = aaabbbccc123456

